-----BEGIN CERTIFICATE-----
bGFwdG9wLXIxdm92bTRlXGFsc291DQoxMC8xMC8yMDIzIDEyOjAxOjQ2LDQ0IA0K
LS0tLS0tLS0tLS0tLS0tLS0tLS0tLS0tLS0tLS0tLS0tLS0tLS0tLS0tLS0tLS0t
LSANClVzZXIgU3RvcmllcyAoVGVzdHNcRmVhdHVyZVxVc2VyU3RvcmllcykKIFsg
XSBSRVEyIFB1YmxpY0NhdGVnb3J5UGFnZQogW3hdIFJFUTQgRGlzY291bnRlZFBy
aWNlT25Nb2RlbAogW3hdIFJFUTQgRGlzY291bnRlZFByaWNlSW5IVE1MCiBbIF0g
UkVRNiBPcmRlclN0YXR1c0V4aXN0cwogWyBdIFJFUTcgT3JkZXJTdGF0dXNDaGFu
Z2VzCiBbIF0gUkVROSBQcm9kdWN0RWRpdEhhc0Rpc2NvdW50CiBbIF0gUkVRMTAg
UHJvZHVjdEVkaXRDb250YWluc0NhdGVnb3J5CiBbIF0gUkVRMTFhIENhdGVnb3J5
UGFnZUhhc1Byb2R1Y3RzCgotLS0tLS0tLS0tLS0tLS0tLS0tLS0tLS0tLS0tLS0t
LS0tLS0tLS0tLS0tLS0tLS0tIA0KUEhQVW5pdCA5LjYuMTEgYnkgU2ViYXN0aWFu
IEJlcmdtYW5uIGFuZCBjb250cmlidXRvcnMuCgpFLi5FRUZGRSAgICAgICAgICAg
ICAgICAgICAgICAgICAgICAgICAgICAgICAgICAgICAgICAgICAgICAgICAgICAg
IDggLyA4ICgxMDAlKQ0KDQpUaW1lOiAwMDowMC4zNTMsIE1lbW9yeTogMjYuMDAg
TUINCg0KVGhlcmUgd2VyZSA0IGVycm9yczoKCjEpIFRlc3RzXEZlYXR1cmVcVXNl
clN0b3JpZXNUZXN0Ojp0ZXN0X1JFUTJfUHVibGljQ2F0ZWdvcnlQYWdlCkVycm9y
OiBDbGFzcyAiUHJvZHVjdCIgbm90IGZvdW5kCgpEOlxtYm80IG9wZHJhY2h0ZW5c
Ymxva0NccHJha3Rpamsgb3BkcmFjaHRlblw0U2hvcFx2ZW5kb3JcbGFyYXZlbFxm
cmFtZXdvcmtcc3JjXElsbHVtaW5hdGVcRGF0YWJhc2VcRWxvcXVlbnRcQ29uY2Vy
bnNcSGFzUmVsYXRpb25zaGlwcy5waHA6NzkxCkQ6XG1ibzQgb3BkcmFjaHRlblxi
bG9rQ1xwcmFrdGlqayBvcGRyYWNodGVuXDRTaG9wXHZlbmRvclxsYXJhdmVsXGZy
YW1ld29ya1xzcmNcSWxsdW1pbmF0ZVxEYXRhYmFzZVxFbG9xdWVudFxDb25jZXJu
c1xIYXNSZWxhdGlvbnNoaXBzLnBocDozODgKRDpcbWJvNCBvcGRyYWNodGVuXGJs
b2tDXHByYWt0aWprIG9wZHJhY2h0ZW5cNFNob3BcYXBwXE1vZGVsc1xDYXRlZ29y
eS5waHA6MTEKRDpcbWJvNCBvcGRyYWNodGVuXGJsb2tDXHByYWt0aWprIG9wZHJh
Y2h0ZW5cNFNob3BcdmVuZG9yXGxhcmF2ZWxcZnJhbWV3b3JrXHNyY1xJbGx1bWlu
YXRlXERhdGFiYXNlXEVsb3F1ZW50XENvbmNlcm5zXEhhc0F0dHJpYnV0ZXMucGhw
OjU4MApEOlxtYm80IG9wZHJhY2h0ZW5cYmxva0NccHJha3Rpamsgb3BkcmFjaHRl
blw0U2hvcFx2ZW5kb3JcbGFyYXZlbFxmcmFtZXdvcmtcc3JjXElsbHVtaW5hdGVc
RGF0YWJhc2VcRWxvcXVlbnRcQ29uY2VybnNcSGFzQXR0cmlidXRlcy5waHA6NTMy
CkQ6XG1ibzQgb3BkcmFjaHRlblxibG9rQ1xwcmFrdGlqayBvcGRyYWNodGVuXDRT
aG9wXHZlbmRvclxsYXJhdmVsXGZyYW1ld29ya1xzcmNcSWxsdW1pbmF0ZVxEYXRh
YmFzZVxFbG9xdWVudFxDb25jZXJuc1xIYXNBdHRyaWJ1dGVzLnBocDo0NTcKRDpc
bWJvNCBvcGRyYWNodGVuXGJsb2tDXHByYWt0aWprIG9wZHJhY2h0ZW5cNFNob3Bc
dmVuZG9yXGxhcmF2ZWxcZnJhbWV3b3JrXHNyY1xJbGx1bWluYXRlXERhdGFiYXNl
XEVsb3F1ZW50XE1vZGVsLnBocDoyMjIyCkQ6XG1ibzQgb3BkcmFjaHRlblxibG9r
Q1xwcmFrdGlqayBvcGRyYWNodGVuXDRTaG9wXHRlc3RzXEZlYXR1cmVcVXNlclN0
b3JpZXNUZXN0LnBocDoxMwoKMikgVGVzdHNcRmVhdHVyZVxVc2VyU3Rvcmllc1Rl
c3Q6OnRlc3RfUkVRNl9PcmRlclN0YXR1c0V4aXN0cwpFcnJvcjogQ2FsbCB0byBh
IG1lbWJlciBmdW5jdGlvbiBnZXRBdHRyaWJ1dGVzKCkgb24gbnVsbAoKRDpcbWJv
NCBvcGRyYWNodGVuXGJsb2tDXHByYWt0aWprIG9wZHJhY2h0ZW5cNFNob3BcdGVz
dHNcRmVhdHVyZVxVc2VyU3Rvcmllc1Rlc3QucGhwOjQ4CgozKSBUZXN0c1xGZWF0
dXJlXFVzZXJTdG9yaWVzVGVzdDo6dGVzdF9SRVE3X09yZGVyU3RhdHVzQ2hhbmdl
cwpFcnJvckV4Y2VwdGlvbjogQXR0ZW1wdCB0byByZWFkIHByb3BlcnR5ICJkZWxp
dmVyZWQiIG9uIG51bGwKCkQ6XG1ibzQgb3BkcmFjaHRlblxibG9rQ1xwcmFrdGlq
ayBvcGRyYWNodGVuXDRTaG9wXHZlbmRvclxsYXJhdmVsXGZyYW1ld29ya1xzcmNc
SWxsdW1pbmF0ZVxGb3VuZGF0aW9uXEJvb3RzdHJhcFxIYW5kbGVFeGNlcHRpb25z
LnBocDoyNzAKRDpcbWJvNCBvcGRyYWNodGVuXGJsb2tDXHByYWt0aWprIG9wZHJh
Y2h0ZW5cNFNob3BcdGVzdHNcRmVhdHVyZVxVc2VyU3Rvcmllc1Rlc3QucGhwOjU0
Cgo0KSBUZXN0c1xGZWF0dXJlXFVzZXJTdG9yaWVzVGVzdDo6dGVzdF9SRVExMWFf
Q2F0ZWdvcnlQYWdlSGFzUHJvZHVjdHMKRXJyb3I6IENsYXNzICJQcm9kdWN0IiBu
b3QgZm91bmQKCkQ6XG1ibzQgb3BkcmFjaHRlblxibG9rQ1xwcmFrdGlqayBvcGRy
YWNodGVuXDRTaG9wXHZlbmRvclxsYXJhdmVsXGZyYW1ld29ya1xzcmNcSWxsdW1p
bmF0ZVxEYXRhYmFzZVxFbG9xdWVudFxDb25jZXJuc1xIYXNSZWxhdGlvbnNoaXBz
LnBocDo3OTEKRDpcbWJvNCBvcGRyYWNodGVuXGJsb2tDXHByYWt0aWprIG9wZHJh
Y2h0ZW5cNFNob3BcdmVuZG9yXGxhcmF2ZWxcZnJhbWV3b3JrXHNyY1xJbGx1bWlu
YXRlXERhdGFiYXNlXEVsb3F1ZW50XENvbmNlcm5zXEhhc1JlbGF0aW9uc2hpcHMu
cGhwOjM4OApEOlxtYm80IG9wZHJhY2h0ZW5cYmxva0NccHJha3Rpamsgb3BkcmFj
aHRlblw0U2hvcFxhcHBcTW9kZWxzXENhdGVnb3J5LnBocDoxMQpEOlxtYm80IG9w
ZHJhY2h0ZW5cYmxva0NccHJha3Rpamsgb3BkcmFjaHRlblw0U2hvcFx2ZW5kb3Jc
bGFyYXZlbFxmcmFtZXdvcmtcc3JjXElsbHVtaW5hdGVcRGF0YWJhc2VcRWxvcXVl
bnRcQ29uY2VybnNcSGFzQXR0cmlidXRlcy5waHA6NTgwCkQ6XG1ibzQgb3BkcmFj
aHRlblxibG9rQ1xwcmFrdGlqayBvcGRyYWNodGVuXDRTaG9wXHZlbmRvclxsYXJh
dmVsXGZyYW1ld29ya1xzcmNcSWxsdW1pbmF0ZVxEYXRhYmFzZVxFbG9xdWVudFxD
b25jZXJuc1xIYXNBdHRyaWJ1dGVzLnBocDo1MzIKRDpcbWJvNCBvcGRyYWNodGVu
XGJsb2tDXHByYWt0aWprIG9wZHJhY2h0ZW5cNFNob3BcdmVuZG9yXGxhcmF2ZWxc
ZnJhbWV3b3JrXHNyY1xJbGx1bWluYXRlXERhdGFiYXNlXEVsb3F1ZW50XENvbmNl
cm5zXEhhc0F0dHJpYnV0ZXMucGhwOjQ1NwpEOlxtYm80IG9wZHJhY2h0ZW5cYmxv
a0NccHJha3Rpamsgb3BkcmFjaHRlblw0U2hvcFx2ZW5kb3JcbGFyYXZlbFxmcmFt
ZXdvcmtcc3JjXElsbHVtaW5hdGVcRGF0YWJhc2VcRWxvcXVlbnRcTW9kZWwucGhw
OjIyMjIKRDpcbWJvNCBvcGRyYWNodGVuXGJsb2tDXHByYWt0aWprIG9wZHJhY2h0
ZW5cNFNob3BcdGVzdHNcRmVhdHVyZVxVc2VyU3Rvcmllc1Rlc3QucGhwOjg4Cgot
LQoKVGhlcmUgd2VyZSAyIGZhaWx1cmVzOgoKMSkgVGVzdHNcRmVhdHVyZVxVc2Vy
U3Rvcmllc1Rlc3Q6OnRlc3RfUkVROV9Qcm9kdWN0RWRpdEhhc0Rpc2NvdW50CkZh
aWxlZCBhc3NlcnRpbmcgdGhhdCAnPCFET0NUWVBFIGh0bWw+XHJcbgo8aHRtbCBs
YW5nPSJlbiI+XHJcbgo8aGVhZD5cclxuCiAgICA8bWV0YSBjaGFyc2V0PSJ1dGYt
OCI+XHJcbgogICAgPG1ldGEgaHR0cC1lcXVpdj0iWC1VQS1Db21wYXRpYmxlIiBj
b250ZW50PSJJRT1lZGdlIj5cclxuCiAgICA8bWV0YSBuYW1lPSJ2aWV3cG9ydCIg
Y29udGVudD0id2lkdGg9ZGV2aWNlLXdpZHRoLCBpbml0aWFsLXNjYWxlPTEiPlxy
XG4KXHJcbgogICAgPCEtLSBDU1JGIFRva2VuIC0tPlxyXG4KICAgIDxtZXRhIG5h
bWU9ImNzcmYtdG9rZW4iIGNvbnRlbnQ9IktYVWtOdGl0cnR4WnZDVXV1QkZJSWpG
OW9xb1o4bWpNRWNYWmtPMkgiPlxyXG4KXHJcbgogICAgPHRpdGxlPldpbmtlbCAt
IFNjb3V0aW5nIFJhYW1zZG9ua3N2ZWVyPC90aXRsZT5cclxuClxyXG4KICAgIDwh
LS0gU3R5bGVzIC0tPlxyXG4KICAgIDxsaW5rIHJlbD0ic3R5bGVzaGVldCIgaHJl
Zj0iaHR0cHM6Ly9zdGFja3BhdGguYm9vdHN0cmFwY2RuLmNvbS9ib290c3RyYXAv
NC4zLjEvY3NzL2Jvb3RzdHJhcC5taW4uY3NzIiBpbnRlZ3JpdHk9InNoYTM4NC1n
Z095UjBpWENiTVF2M1hpcG1hMzRNRCtkSC8xZlE3ODQvajZjWS9pSlRRVU9oY1dy
N3g5SnZvUnhUMk1adzFUIiBjcm9zc29yaWdpbj0iYW5vbnltb3VzIj5cclxuCiAg
ICA8bGluayByZWw9InN0eWxlc2hlZXQiIGhyZWY9Imh0dHA6Ly9sb2NhbGhvc3Qv
Y3NzL2FwcC5jc3MiPlxyXG4KICAgIDxzY3JpcHQgc3JjPSIvL1s6OjFdOjUxNzMv
anMvYXBwLmpzIj48L3NjcmlwdD5cclxuCjwvaGVhZD5cclxuCjxib2R5PlxyXG4K
ICAgIDxuYXYgY2xhc3M9Im5hdmJhciBuYXZiYXItZXhwYW5kLWxnIG5hdmJhci1k
YXJrIGJnLXN1Y2Nlc3MgZC1mbGV4IGp1c3RpZnktY29udGVudC1iZXR3ZWVuIj5c
clxuCiAgICAgICAgPGRpdiBjbGFzcz0iY29udGFpbmVyIj5cclxuCiAgICAgICAg
ICAgIDxhIGhyZWY9Imh0dHA6Ly9sb2NhbGhvc3QvYWRtaW4iIGNsYXNzPSJuYXZi
YXItYnJhbmQiPldpbmtlbDwvYT5cclxuCiAgICAgICAgICAgIDx1bCBjbGFzcz0i
bmF2YmFyLW5hdiI+XHJcbgogICAgICAgICAgICAgICAgPGxpIGNsYXNzPSJuYXYt
aXRlbSI+XHJcbgogICAgICAgICAgICAgICAgICAgIDxhIGNsYXNzPSJuYXYtbGlu
ayIgaHJlZj0iaHR0cDovL2xvY2FsaG9zdC9hZG1pbi9vcmRlcnMiPkJlc3RlbGxp
bmdlbjwvYT5cclxuCiAgICAgICAgICAgICAgICA8L2xpPlxyXG4KICAgICAgICAg
ICAgICAgIDxsaSBjbGFzcz0ibmF2LWl0ZW0iPlxyXG4KICAgICAgICAgICAgICAg
ICAgICA8YSBjbGFzcz0ibmF2LWxpbmsiIGhyZWY9Imh0dHA6Ly9sb2NhbGhvc3Qv
YWRtaW4vcHJvZHVjdHMiPlByb2R1Y3RlbjwvYT5cclxuCiAgICAgICAgICAgICAg
ICA8L2xpPlxyXG4KICAgICAgICAgICAgICAgIDxsaSBjbGFzcz0ibmF2LWl0ZW0i
PlxyXG4KICAgICAgICAgICAgICAgICAgICA8YSBjbGFzcz0ibmF2LWxpbmsiIGhy
ZWY9Imh0dHA6Ly9sb2NhbGhvc3QvYWRtaW4vY2F0ZWdvcmllcyI+Q2F0ZWdvcmll
w6tuPC9hPlxyXG4KICAgICAgICAgICAgICAgIDwvbGk+XHJcbgogICAgICAgICAg
ICAgICAgPGxpIGNsYXNzPSJuYXYtaXRlbSI+XHJcbgogICAgICAgICAgICAgICAg
ICAgIDxhIGNsYXNzPSJuYXYtbGluayIgaHJlZj0iaHR0cDovL2xvY2FsaG9zdC9h
ZG1pbi91c2VycyI+QWNjb3VudHM8L2E+XHJcbgogICAgICAgICAgICAgICAgPC9s
aT5cclxuCiAgICAgICAgICAgIDwvdWw+XHJcbgogICAgICAgIDwvZGl2PlxyXG4K
ICAgIDwvbmF2PlxyXG4KXHJcbgogICAgPGRpdiBjbGFzcz0ibWFpbiI+XHJcbgog
ICAgICAgIDxkaXYgY2xhc3M9ImNvbnRhaW5lciBtdC00Ij5cclxuClxyXG4KICAg
ICAgICAgICAgXHJcbgogICAgICAgICAgICBcclxuCiAgICAgICAgICAgIFxyXG4K
PGRpdiBjbGFzcz0iZC1mbGV4IGFsaWduLWl0ZW1zLWNlbnRlciBmbGV4LWNvbHVt
biBteS01Ij4gXHJcbgpcclxuCgk8Zm9ybSBhY3Rpb249Imh0dHA6Ly9sb2NhbGhv
c3QvYWRtaW4vcHJvZHVjdHMvMSIgbWV0aG9kPSJQT1NUIiBzdHlsZT0ibWluLXdp
ZHRoOiAzMjBweDsiIGVuY3R5cGU9Im11bHRpcGFydC9mb3JtLWRhdGEiPlxyXG4K
CQlcclxuCgkJPGg0PlByb2R1Y3QgYWFucGFzc2VuPC9oND5cclxuClxyXG4KCQk8
ZGl2IGNsYXNzPSJmb3JtLWdyb3VwIj5cclxuCgkJCTxsYWJlbCBmb3I9InRpdGxl
Ij5UaXRlbDwvbGFiZWw+XHJcbgoJCQk8aW5wdXQgdHlwZT0idGV4dCIgaWQ9InRp
dGxlIiBuYW1lPSJ0aXRsZSIgY2xhc3M9ImZvcm0tY29udHJvbCIgdmFsdWU9IlZl
c3QiPlxyXG4KCQk8L2Rpdj5cclxuCgkJPGRpdiBjbGFzcz0iZm9ybS1ncm91cCI+
XHJcbgoJCQk8bGFiZWwgZm9yPSJwcmljZSI+UHJpanM8L2xhYmVsPlxyXG4KCQkJ
PGRpdiBjbGFzcz0iaW5wdXQtZ3JvdXAgbWItMiI+XHJcbgoJCSAgICAgICAgPGRp
diBjbGFzcz0iaW5wdXQtZ3JvdXAtcHJlcGVuZCI+XHJcbgoJCSAgICAgICAgCTxk
aXYgY2xhc3M9ImlucHV0LWdyb3VwLXRleHQiPiZldXJvOzwvZGl2PlxyXG4KCQkg
ICAgICAgIDwvZGl2PlxyXG4KCQkJCTxpbnB1dCB0eXBlPSJudW1iZXIiIG1pbj0i
MCIgaWQ9InByaWNlIiBuYW1lPSJwcmljZSIgY2xhc3M9ImZvcm0tY29udHJvbCIg
dmFsdWU9IjI1LjM4Ij5cclxuCgkJCTwvZGl2PlxyXG4KCQk8L2Rpdj5cclxuCgkJ
PGRpdiBjbGFzcz0iZm9ybS1ncm91cCBteS00Ij5cclxuCgkJCTxkaXYgY2xhc3M9
ImZvcm0tY2hlY2sgZm9ybS1jaGVjay1pbmxpbmUiPlxyXG4KCQkJCTxpbnB1dCBj
bGFzcz0iZm9ybS1jaGVjay1pbnB1dCIgdHlwZT0icmFkaW8iIG5hbWU9ImFjdGl2
ZSIgaWQ9ImFjdGl2ZTEiIHZhbHVlPSIxIiAgY2hlY2tlZCA+XHJcbgoJCQkJPGxh
YmVsIGNsYXNzPSJmb3JtLWNoZWNrLWxhYmVsIiBmb3I9ImFjdGl2ZTEiPlppY2h0
YmFhcjwvbGFiZWw+XHJcbgoJCQk8L2Rpdj5cclxuCgkJCTxkaXYgY2xhc3M9ImZv
cm0tY2hlY2sgZm9ybS1jaGVjay1pbmxpbmUiPlxyXG4KCQkJCTxpbnB1dCBjbGFz
cz0iZm9ybS1jaGVjay1pbnB1dCIgdHlwZT0icmFkaW8iIG5hbWU9ImFjdGl2ZSIg
aWQ9ImFjdGl2ZTAiIHZhbHVlPSIwIiA+XHJcbgoJCQkJPGxhYmVsIGNsYXNzPSJm
b3JtLWNoZWNrLWxhYmVsIiBmb3I9ImFjdGl2ZTAiPk9uemljaHRiYWFyPC9sYWJl
bD5cclxuCgkJCTwvZGl2PlxyXG4KCQk8L2Rpdj5cclxuCgkJPGRpdiBjbGFzcz0i
Zm9ybS1ncm91cCBteS00Ij5cclxuCgkJCTxkaXYgY2xhc3M9ImZvcm0tY2hlY2sg
Zm9ybS1jaGVjay1pbmxpbmUiPlxyXG4KCQkJCTxpbnB1dCBjbGFzcz0iZm9ybS1j
aGVjay1pbnB1dCIgdHlwZT0icmFkaW8iIG5hbWU9ImxlaWRpbmciIGlkPSJsZWlk
aW5nMSIgdmFsdWU9IjEiICBjaGVja2VkID5cclxuCgkJCQk8bGFiZWwgY2xhc3M9
ImZvcm0tY2hlY2stbGFiZWwiIGZvcj0ibGVpZGluZzEiPkxlaWRpbmc8L2xhYmVs
PlxyXG4KCQkJPC9kaXY+XHJcbgoJCQk8ZGl2IGNsYXNzPSJmb3JtLWNoZWNrIGZv
cm0tY2hlY2staW5saW5lIj5cclxuCgkJCQk8aW5wdXQgY2xhc3M9ImZvcm0tY2hl
Y2staW5wdXQiIHR5cGU9InJhZGlvIiBuYW1lPSJsZWlkaW5nIiBpZD0ibGVpZGlu
ZzAiIHZhbHVlPSIwIiA+XHJcbgoJCQkJPGxhYmVsIGNsYXNzPSJmb3JtLWNoZWNr
LWxhYmVsIiBmb3I9ImxlaWRpbmcwIj5MZWRlbiBlbiBsZWlkaW5nPC9sYWJlbD5c
clxuCgkJCTwvZGl2PlxyXG4KCQk8L2Rpdj5cclxuCgkJPGRpdiBjbGFzcz0iZm9y
bS1ncm91cCI+XHJcbgoJCQk8aW5wdXQgdHlwZT0iZmlsZSIgaWQ9ImltYWdlIiBu
YW1lPSJpbWFnZSIgYWNjZXB0PSJpbWFnZS9wbmcsIGltYWdlL2pwZWciPlxyXG4K
CQk8L2Rpdj5cclxuClxyXG4KCQk8ZGl2IGNsYXNzPSJmb3JtLWdyb3VwIj5cclxu
CgkJCTxsYWJlbCBmb3I9ImRlc2NyaXB0aW9uIj5CZXNjaHJpanZpbmc8L2xhYmVs
PlxyXG4KCQkJPHRleHRhcmVhIG5hbWU9ImRlc2NyaXB0aW9uIiBpZD0iZGVzY3Jp
cHRpb24iIGNvbHM9IjMwIiByb3dzPSI1IiBjbGFzcz0iZm9ybS1jb250cm9sIj5I
b29keSBtZXQgcml0cywgdm9vciBzdGFmbGVkZW4gZW4gZXhwbG9yZXJzLiBMb2dv
IHZvb3IgZW4gaGFuZGplcyBhY2h0ZXIgb3AgZGUgcnVnLjwvdGV4dGFyZWE+XHJc
bgoJCTwvZGl2PlxyXG4KXHJcbgoJCTxidXR0b24gdHlwZT0ic3VibWl0IiBjbGFz
cz0iZm9ybS1jb250cm9sIGJ0biBidG4tcHJpbWFyeSBteS0yIj5PcHNsYWFuPC9i
dXR0b24+XHJcbgoJCTxpbnB1dCB0eXBlPSJoaWRkZW4iIG5hbWU9Il90b2tlbiIg
dmFsdWU9IktYVWtOdGl0cnR4WnZDVXV1QkZJSWpGOW9xb1o4bWpNRWNYWmtPMkgi
PlxyXG4KCQk8aW5wdXQgdHlwZT0iaGlkZGVuIiBuYW1lPSJfbWV0aG9kIiB2YWx1
ZT0iUEFUQ0giPlxyXG4KCTwvZm9ybT5cclxuCgk8Zm9ybSBhY3Rpb249Imh0dHA6
Ly9sb2NhbGhvc3QvYWRtaW4vcHJvZHVjdHMvMSIgbWV0aG9kPSJQT1NUIj5cclxu
CgkJPGJ1dHRvbiB0eXBlPSJzdWJtaXQiIGNsYXNzPSJmb3JtLWNvbnRyb2wgYnRu
IGJ0bi1vdXRsaW5lLWRhbmdlciI+VmVyd2lqZGVyZW48L2J1dHRvbj5cclxuCgkJ
PGlucHV0IHR5cGU9ImhpZGRlbiIgbmFtZT0iX3Rva2VuIiB2YWx1ZT0iS1hVa050
aXRydHhadkNVdXVCRklJakY5b3FvWjhtak1FY1haa08ySCI+XHJcbgoJCTxpbnB1
dCB0eXBlPSJoaWRkZW4iIG5hbWU9Il9tZXRob2QiIHZhbHVlPSJERUxFVEUiPlxy
XG4KCTwvZm9ybT5cclxuCjwvZGl2PlxyXG4KXHJcbgogICAgICAgIDwvZGl2Plxy
XG4KICAgIDwvZGl2PlxyXG4KICAgIFxyXG4KICAgIDwvYm9keT5cclxuCjwvaHRt
bD5cclxuCicgY29udGFpbnMgIjI5LjAwIi4KCkQ6XG1ibzQgb3BkcmFjaHRlblxi
bG9rQ1xwcmFrdGlqayBvcGRyYWNodGVuXDRTaG9wXHZlbmRvclxsYXJhdmVsXGZy
YW1ld29ya1xzcmNcSWxsdW1pbmF0ZVxUZXN0aW5nXFRlc3RSZXNwb25zZS5waHA6
NTI3CkQ6XG1ibzQgb3BkcmFjaHRlblxibG9rQ1xwcmFrdGlqayBvcGRyYWNodGVu
XDRTaG9wXHRlc3RzXEZlYXR1cmVcVXNlclN0b3JpZXNUZXN0LnBocDo3MAoKMikg
VGVzdHNcRmVhdHVyZVxVc2VyU3Rvcmllc1Rlc3Q6OnRlc3RfUkVRMTBfUHJvZHVj
dEVkaXRDb250YWluc0NhdGVnb3J5CkZhaWxlZCBhc3NlcnRpbmcgdGhhdCAnXHJc
bgpcclxuClxyXG4KICAgIFxyXG4KICAgIFxyXG4KICAgIFxyXG4KXHJcbgogICAg
XHJcbgogICAgXHJcbgpcclxuCiAgICBXaW5rZWwgLSBTY291dGluZyBSYWFtc2Rv
bmtzdmVlclxyXG4KXHJcbgogICAgXHJcbgogICAgXHJcbgogICAgXHJcbgogICAg
XHJcbgpcclxuClxyXG4KICAgIFxyXG4KICAgICAgICBcclxuCiAgICAgICAgICAg
IFdpbmtlbFxyXG4KICAgICAgICAgICAgXHJcbgogICAgICAgICAgICAgICAgXHJc
bgogICAgICAgICAgICAgICAgICAgIEJlc3RlbGxpbmdlblxyXG4KICAgICAgICAg
ICAgICAgIFxyXG4KICAgICAgICAgICAgICAgIFxyXG4KICAgICAgICAgICAgICAg
ICAgICBQcm9kdWN0ZW5cclxuCiAgICAgICAgICAgICAgICBcclxuCiAgICAgICAg
ICAgICAgICBcclxuCiAgICAgICAgICAgICAgICAgICAgQ2F0ZWdvcmllw6tuXHJc
bgogICAgICAgICAgICAgICAgXHJcbgogICAgICAgICAgICAgICAgXHJcbgogICAg
ICAgICAgICAgICAgICAgIEFjY291bnRzXHJcbgogICAgICAgICAgICAgICAgXHJc
bgogICAgICAgICAgICBcclxuCiAgICAgICAgXHJcbgogICAgXHJcbgpcclxuCiAg
ICBcclxuCiAgICAgICAgXHJcbgpcclxuCiAgICAgICAgICAgIFxyXG4KICAgICAg
ICAgICAgXHJcbgogICAgICAgICAgICBcclxuCiBcclxuClxyXG4KCVxyXG4KCQlc
clxuCgkJUHJvZHVjdCBhYW5wYXNzZW5cclxuClxyXG4KCQlcclxuCgkJCVRpdGVs
XHJcbgoJCQlcclxuCgkJXHJcbgoJCVxyXG4KCQkJUHJpanNcclxuCgkJCVxyXG4K
CQkgICAgICAgIFxyXG4KCQkgICAgICAgIAkmZXVybztcclxuCgkJICAgICAgICBc
clxuCgkJCQlcclxuCgkJCVxyXG4KCQlcclxuCgkJXHJcbgoJCQlcclxuCgkJCQlc
clxuCgkJCQlaaWNodGJhYXJcclxuCgkJCVxyXG4KCQkJXHJcbgoJCQkJXHJcbgoJ
CQkJT256aWNodGJhYXJcclxuCgkJCVxyXG4KCQlcclxuCgkJXHJcbgoJCQlcclxu
CgkJCQlcclxuCgkJCQlMZWlkaW5nXHJcbgoJCQlcclxuCgkJCVxyXG4KCQkJCVxy
XG4KCQkJCUxlZGVuIGVuIGxlaWRpbmdcclxuCgkJCVxyXG4KCQlcclxuCgkJXHJc
bgoJCQlcclxuCgkJXHJcbgpcclxuCgkJXHJcbgoJCQlCZXNjaHJpanZpbmdcclxu
CgkJCUhvb2R5IG1ldCByaXRzLCB2b29yIHN0YWZsZWRlbiBlbiBleHBsb3JlcnMu
IExvZ28gdm9vciBlbiBoYW5kamVzIGFjaHRlciBvcCBkZSBydWcuXHJcbgoJCVxy
XG4KXHJcbgoJCU9wc2xhYW5cclxuCgkJXHJcbgoJCVxyXG4KCVxyXG4KCVxyXG4K
CQlWZXJ3aWpkZXJlblxyXG4KCQlcclxuCgkJXHJcbgoJXHJcbgpcclxuClxyXG4K
ICAgICAgICBcclxuCiAgICBcclxuCiAgICBcclxuCiAgICBcclxuClxyXG4KJyBj
b250YWlucyAiS2xlZGluZyIuCgpEOlxtYm80IG9wZHJhY2h0ZW5cYmxva0NccHJh
a3Rpamsgb3BkcmFjaHRlblw0U2hvcFx2ZW5kb3JcbGFyYXZlbFxmcmFtZXdvcmtc
c3JjXElsbHVtaW5hdGVcVGVzdGluZ1xUZXN0UmVzcG9uc2UucGhwOjU2NQpEOlxt
Ym80IG9wZHJhY2h0ZW5cYmxva0NccHJha3Rpamsgb3BkcmFjaHRlblw0U2hvcFx0
ZXN0c1xGZWF0dXJlXFVzZXJTdG9yaWVzVGVzdC5waHA6ODIKCkVSUk9SUyENClRl
c3RzOiA4LCBBc3NlcnRpb25zOiA3LCBFcnJvcnM6IDQsIEZhaWx1cmVzOiAyLg0K
-----END CERTIFICATE-----
